<html>
<body>
<pre>
<h1>µVision Build Log</h1>
<h2>Tool Versions:</h2>
IDE-Version: µVision V5.24.2.0
Copyright (C) 2017 ARM Ltd and ARM Germany GmbH. All rights reserved.
License Information: Jeff jeff_, ttu, LIC=----
 
Tool Versions:
Toolchain:       MDK-Lite  Version: 5.24.1
Toolchain Path:  C:\Keil_v5\ARM\ARMCC\Bin
C Compiler:      Armcc.exe V5.06 update 5 (build 528)
Assembler:       Armasm.exe V5.06 update 5 (build 528)
Linker/Locator:  ArmLink.exe V5.06 update 5 (build 528)
Library Manager: ArmAr.exe V5.06 update 5 (build 528)
Hex Converter:   FromElf.exe V5.06 update 5 (build 528)
CPU DLL:         SARMCM3.DLL V5.24.1
Dialog DLL:      DARMCM1.DLL V1.18.0.0
Target DLL:      STLink\ST-LINKIII-KEIL_SWO.dll V3.0.1.0
Dialog DLL:      TARMCM1.DLL V1.13.0.0
 
<h2>Project:</h2>
C:\GIT\NB-IoT\Low Power Mode and RTC_ BG96_L073\Low Power mode l073 RTC BG96\MDK-ARM\Low Power mode l073 RTC BG96.uvprojx
Project File Date:  07/18/2018

<h2>Output:</h2>
*** Using Compiler 'V5.06 update 5 (build 528)', folder: 'C:\Keil_v5\ARM\ARMCC\Bin'
Build target 'Low Power mode l073 RTC BG96'
compiling RTC.c...
RTC.c(38): warning:  #223-D: function "SystemClock_Config" declared implicitly
  		SystemClock_Config(); //only with stop mode
RTC.c: 1 warning, 0 errors
compiling main.c...
../Src/main.c(242): warning:  #177-D: function "MX_TIM2_Init"  was declared but never referenced
  static void MX_TIM2_Init(void)
../Src/main.c: 1 warning, 0 errors
compiling BG96.c...
BG96.c(26): warning:  #1295-D: Deprecated declaration BG96_Context_Check - give arg types
  int BG96_Context_Check();
BG96.c(28): warning:  #1295-D: Deprecated declaration BG96_Check_Internet - give arg types
  int BG96_Check_Internet();
BG96.c(53): warning:  #167-D: argument of type "uint8_t *" is incompatible with parameter of type "const char *"
  		char *c = strstr(EVB_Buffer,"Telia"); //here is Carrier/operator name
BG96.c(142): warning:  #167-D: argument of type "uint8_t *" is incompatible with parameter of type "char *restrict"
  	tech = strtok(EVB_Buffer,"\r,\"");  // first call returns pointer
BG96.c(135): warning:  #550-D: variable "tech"  was set but never used
  	volatile char *tech, *mode1;
BG96.c(135): warning:  #550-D: variable "mode1"  was set but never used
  	volatile char *tech, *mode1;
BG96.c(161): warning:  #177-D: variable "ap"  was declared but never referenced
  	char sw=0,ap=0;
BG96.c(198): warning:  #223-D: function "rand" declared implicitly
  	int var = rand()%30; //random variable
BG96.c(214): warning:  #167-D: argument of type "char *" is incompatible with parameter of type "uint8_t *"
  	HAL_UART_Transmit(&huart1,temp,sizeof(temp),1000);
BG96.c(220): warning:  #167-D: argument of type "char *" is incompatible with parameter of type "uint8_t *"
  	HAL_UART_Transmit(&huart2,temp,sizeof(temp),1000);
BG96.c(244): warning:  #167-D: argument of type "char *" is incompatible with parameter of type "uint8_t *"
  	HAL_UART_Transmit(&huart1,rssichar,strlen(rssichar),1000);
BG96.c(248): warning:  #167-D: argument of type "char *" is incompatible with parameter of type "uint8_t *"
  	HAL_UART_Transmit(&huart2,rssichar,sizeof(rssichar),1000);
BG96.c(265): warning:  #167-D: argument of type "uint8_t *" is incompatible with parameter of type "const char *"
  		char *c = strstr(EVB_Buffer,"BG96");
BG96.c(295): warning:  #167-D: argument of type "uint8_t *" is incompatible with parameter of type "const char *"
  		char *c = strstr(EVB_Buffer,"BG96");
BG96.c(399): warning:  #167-D: argument of type "uint8_t *" is incompatible with parameter of type "const char *"
  		char *c = strstr(EVB_Buffer,"OK");
BG96.c(390): warning:  #177-D: variable "ap"  was declared but never referenced
  	char sw=0,ap=0;
BG96.c(432): warning:  #167-D: argument of type "uint8_t *" is incompatible with parameter of type "const char *"
  			char *c = strstr(EVB_Buffer,"+QIACT:");
BG96.c(426): warning:  #177-D: variable "sw"  was declared but never referenced
  	char sw=0,ap=0;
BG96.c(426): warning:  #177-D: variable "ap"  was declared but never referenced
  	char sw=0,ap=0;
BG96.c(461): warning:  #167-D: argument of type "char *" is incompatible with parameter of type "uint8_t *"
  	HAL_UART_Transmit(&huart1,rsrpchar,strlen(rsrpchar),1000); // or sizeof
BG96.c(465): warning:  #167-D: argument of type "char *" is incompatible with parameter of type "uint8_t *"
  	HAL_UART_Transmit(&huart2,rsrpchar,sizeof(rsrpchar),1000);
BG96.c(489): warning:  #167-D: argument of type "char *" is incompatible with parameter of type "uint8_t *"
  	HAL_UART_Transmit(&huart1,rsrqchar,sizeof(rsrqchar),1000);
BG96.c(493): warning:  #167-D: argument of type "char *" is incompatible with parameter of type "uint8_t *"
  	HAL_UART_Transmit(&huart2,rsrqchar,sizeof(rsrqchar),1000);
BG96.c(518): warning:  #167-D: argument of type "char *" is incompatible with parameter of type "uint8_t *"
  	HAL_UART_Transmit(&huart1,snrchar,sizeof(snrchar),1000);
BG96.c(522): warning:  #167-D: argument of type "char *" is incompatible with parameter of type "uint8_t *"
  	HAL_UART_Transmit(&huart2,snrchar,sizeof(snrchar),1000);
BG96.c(544): warning:  #167-D: argument of type "char *" is incompatible with parameter of type "uint8_t *"
  	HAL_UART_Transmit(&huart1,techchar,sizeof(techchar),1000);
BG96.c(548): warning:  #167-D: argument of type "char *" is incompatible with parameter of type "uint8_t *"
  	HAL_UART_Transmit(&huart2,techchar,sizeof(techchar),1000);
BG96.c(583): warning:  #167-D: argument of type "char *" is incompatible with parameter of type "uint8_t *"
  	HAL_UART_Transmit(&huart2,data,strlen(data),1000);
BG96.c(607): warning:  #167-D: argument of type "uint8_t *" is incompatible with parameter of type "const char *"
  	char *c = strstr(EVB_Buffer,"+QIOPEN: 0,0");
BG96.c(635): warning:  #167-D: argument of type "char *" is incompatible with parameter of type "uint8_t *"
  	HAL_UART_Transmit(&huart1,data,strlen(data),1000);
BG96.c(652): warning:  #167-D: argument of type "uint8_t *" is incompatible with parameter of type "const char *"
  	char *c = strstr(EVB_Buffer,"+QPING: 0,"); // ping received
BG96.c: 31 warnings, 0 errors
compiling UART.c...
UART.c(100): warning:  #223-D: function "strlen" declared implicitly
  			HAL_UART_Transmit(&huart2,Rx_data,strlen(Rx_data),100);
UART.c(127): warning:  #1-D: last line of file ends without a newline
  }
UART.c: 2 warnings, 0 errors
linking...
Program Size: Code=13988 RO-data=644 RW-data=52 ZI-data=1740  
"Low Power mode l073 RTC BG96\Low Power mode l073 RTC BG96.axf" - 0 Error(s), 35 Warning(s).

<h2>Software Packages used:</h2>

Package Vendor: ARM
                http://www.keil.com/pack/ARM.CMSIS.5.3.0.pack
                ARM.CMSIS.5.3.0
                CMSIS (Cortex Microcontroller Software Interface Standard)
   * Component: CORE Version: 5.1.1

Package Vendor: Keil
                http://www.keil.com/pack/Keil.STM32L0xx_DFP.2.0.0.pack
                Keil.STM32L0xx_DFP.2.0.0
                STMicroelectronics STM32L0 Series Device Support, Drivers and Examples

<h2>Collection of Component include folders:</h2>
  .\RTE\_Low_Power_mode_l073_RTC_BG96
  C:\Keil_v5\ARM\PACK\ARM\CMSIS\5.3.0\CMSIS\Include
  C:\Keil_v5\ARM\PACK\Keil\STM32L0xx_DFP\2.0.0\Drivers\CMSIS\Device\ST\STM32L0xx\Include

<h2>Collection of Component Files used:</h2>

   * Component: ARM::CMSIS:CORE:5.1.1
Build Time Elapsed:  00:00:08
</pre>
</body>
</html>
